[elcomercio.pe/index.html]
[backblue.gif]
[fade.gif]
[index.html]
[cdna.elcomercio.pe/resources/dist/elcomercio/images/favicon2d2b.png]
[cdna.elcomercio.pe/resources/dist/elcomercio/images/apple-touch-icon2d2b.png]
[cdna.elcomercio.pe/resources/dist/elcomercio/images/apple-touch-icon-76x762d2b.png]
[cdna.elcomercio.pe/resources/dist/elcomercio/images/apple-touch-icon-120x1202d2b.png]
[cdna.elcomercio.pe/resources/dist/elcomercio/images/apple-touch-icon-144x1442d2b.png]
[cdna.elcomercio.pe/resources/dist/elcomercio/images/apple-touch-icon-152x1522d2b.png]
[cdna.elcomercio.pe/resources/dist/elcomercio/images/apple-touch-icon-180x1802d2b.png]
[www.npttech.com/advertising.js]
[elcomercio.pe/arcio/rss/index.html]
[d1r08wok4169a5.cloudfront.net/ads/ec/arcadsfef9.js]
[static.chartbeat.com/js/chartbeat.js]
[elcomercio.pe/cc/digital/index.html]
[elcomercio.pe/extranjeros/index.html]
[elcomercio.pe/winback/index.html]
[static.chartbeat.com/js/chartbeat_mab.js]
[elcomercio.pe/colaboradores/index.html]
[elcomercio.pe/universitarios/index.html]
[elcomercio.pe/corporativos/index.html]
[elcomercio.pe/pf/resources/assets/js/emblue-sdk-workerbbd1.js]
[cdn.embluemail.com/pixeltracking/pixeltracking145d.js]
[elcomercio.pe/pf/resources/assets/js/sdk.v3.minbbd1.js]
[elcomercio.pe/ak.m]
[elcomercio.pe/ak.t]
[elcomercio.pe/mundial/fixture-mundial-2022-calendario-de-fase-de-grupos-horarios-cuando-inicia-qatar-2022-y-dias-de-los-partidos-video-rmmd-dtbn-noticia/index.html]
[elcomercio.pe/deporte-total/seleccion/america-en-vivo-ver-peru-vs-paraguay-online-en-/index.html]
[elcomercio.pe/politica/pedro-castillo-sus-argumentos-para-dilatar-votacion-de-la-comision-permanente-y-una-tensa-sesion-en-el-tc-noticia/index.html]
[cdna.elcomercio.pe/resources/dist/elcomercio/images/logo2d2b.png]
[elcomercio.pe/respuestas/como/link-bono-alimentario-de-270-como-saber-si-soy-beneficiario-consulta-con-dni-en-plataforma-del-midis-bono-yanapay-2022-via-gobpe-tdex-revtli-noticia/index9e56.html]
[elcomercio.pe/mundo/europa/polonia-en-vivo-guerra-rusia-ucrania-przewodow-/index.html]
[elcomercio.pe/politica/la-situacion-betssy-chavez-se-complica-tras-hallazgo-de-la-fiscalia-en-su-oficina-noticia/index.html]
[elcomercio.pe/index.html]
[elcomercio.pe/cc/digital/index.html]
[elcomercio.pe/winback/index.html]
[elcomercio.pe/extranjeros/index.html]
[elcomercio.pe/universitarios/index.html]
[elcomercio.pe/colaboradores/index.html]
[elcomercio.pe/corporativos/index.html]
[static.chartbeat.com/js/chartbeat.js]
[static.chartbeat.com/js/chartbeat_mab.js]
[www.googletagmanager.com/gtm5445.html]
[elcomercio.pe/ak.html]
[elcomercio.pe/ak-2.html]
[elcomercio.pe/politica/pedro-castillo-sus-argumentos-para-dilatar-votacion-de-la-comision-permanente-y-una-tensa-sesion-en-el-tc-noticia/index.html]
[elcomercio.pe/deporte-total/seleccion/america-en-vivo-ver-peru-vs-paraguay-online-en-/index.html]
[elcomercio.pe/mundial/fixture-mundial-2022-calendario-de-fase-de-grupos-horarios-cuando-inicia-qatar-2022-y-dias-de-los-partidos-video-rmmd-dtbn-noticia/index.html]
[elcomercio.pe/respuestas/como/link-bono-alimentario-de-270-como-saber-si-soy-beneficiario-consulta-con-dni-en-plataforma-del-midis-bono-yanapay-2022-via-gobpe-tdex-revtli-noticia/index9e56.html]
[elcomercio.pe/mundo/europa/polonia-en-vivo-guerra-rusia-ucrania-przewodow-/index.html]
[elcomercio.pe/politica/la-situacion-betssy-chavez-se-complica-tras-hallazgo-de-la-fiscalia-en-su-oficina-noticia/index.html]
[elcomercio.pe/politica/en-vivo-kenji-fujimori-pj-anuncia-este-martes-s/index.html]
[elcomercio.pe/respuestas/quien/a-quienes-se-les-paga-el-bono-alimentario-hoy-fechas-de-pago-grupos-de-beneficiarios-y-mas-consultas-via-midis-bono-de-270-soles-tdex-revtli-noticia/index9e56.html]
[elcomercio.pe/economia/mercados/precio-dolar-en-peru-hoy-tipo-de-cambio-este-miercoles-16-de-noviembre-compra-y-venta-dolares-a-soles-dolar-de-hoy-bcr-banco-central-de-reserva-rmmn-noticia/index.html]
[elcomercio.pe/luces/vida-social/horoscopo-de-hoy-martes-15-de-noviembre-del-2022-que-dicen-las-predicciones-para-tu-signo-zodiacal-noticia/index.html]
[elcomercio.pe/respuestas/aguinaldos-2022-en-venezuela-cuando-empiezan-los-pagos-montos-y-quienes-son-beneficiarios-trabajadores-publicos-tdex-revtli-noticia/index.html]
[elcomercio.pe/respuestas/como/link-ingreso-solidario-2022-consulta-con-cedula/index.html]
[elcomercio.pe/respuestas/quien/quienes-cobran-el-ingreso-solidario-en-noviembr/index9e56.html]
[elcomercio.pe/respuestas/quien/bono-500-e-ingreso-solidario-cuando-se-podra-cobrar-beneficiarios-y-mas-del-subsidio-con-miras-al-2023-prosperidad-social-tdex-revtli-noticia/index.html]
[elcomercio.pe/videos/entretenimiento/la-tinka-conoce-el-resultado-del-sorteo-para-el-02112022-sorteo-loteria-millonario-ganador-billete-nnav-amtv-video-noticia/index.html]
[elcomercio.pe/economia/personal/index.html]
[elcomercio.pe/suscripciones/index8bd9.html]
[elcomercio.pe/ultimas-noticias/index.html]
[elcomercio.pe/mundial/index.html]
[elcomercio.pe/newsletters/index.html]
[elcomercio.pe/corresponsales-escolares/index.html]
[elcomercio.pe/reviu.html]
